Archive member included to satisfy reference by file (symbol)

hello_world/built-in.o        (--whole-archive)
lib/built-in.o                (--whole-archive)
kernel/built-in.o             (--whole-archive)
drivers/built-in.o            (--whole-archive)
misc/built-in.o               (--whole-archive)
boards/built-in.o             (--whole-archive)
ext/built-in.o                (--whole-archive)
subsys/built-in.o             (--whole-archive)
arch/built-in.o               (--whole-archive)
kernel/lib.a(device.o)        drivers/built-in.o (device_get_binding)
kernel/lib.a(errno.o)         lib/built-in.o (__errno)
kernel/lib.a(init.o)          arch/built-in.o (_Cstart)
kernel/lib.a(queue.o)         drivers/built-in.o (k_queue_append)
kernel/lib.a(sched.o)         arch/built-in.o (_kernel)
kernel/lib.a(sys_clock.o)     drivers/built-in.o (_nano_sys_clock_tick_announce)
kernel/lib.a(thread.o)        arch/built-in.o (k_is_in_isr)
kernel/lib.a(thread_abort.o)  arch/built-in.o (k_thread_abort)
kernel/lib.a(idle.o)          kernel/lib.a(init.o) (idle)
/opt/zephyr-sdk/sysroots/i586-zephyr-elf/usr/lib/i586-zephyr-elf/6.2.0/libgcc.a(_udivdi3.o)
                              drivers/built-in.o (__udivdi3)
