Archive member included to satisfy reference by file (symbol)

src/built-in.o                (--whole-archive)
lib/built-in.o                (--whole-archive)
kernel/built-in.o             (--whole-archive)
drivers/built-in.o            (--whole-archive)
misc/built-in.o               (--whole-archive)
boards/built-in.o             (--whole-archive)
ext/built-in.o                (--whole-archive)
subsys/built-in.o             (--whole-archive)
arch/built-in.o               (--whole-archive)
kernel/lib.a(device.o)        drivers/built-in.o (device_get_binding)
kernel/lib.a(errno.o)         lib/built-in.o (__errno)
kernel/lib.a(init.o)          arch/built-in.o (_Cstart)
kernel/lib.a(mem_slab.o)      subsys/built-in.o (k_mem_slab_alloc)
kernel/lib.a(poll.o)          subsys/built-in.o (k_poll_event_init)
kernel/lib.a(queue.o)         subsys/built-in.o (k_queue_init)
kernel/lib.a(sched.o)         arch/built-in.o (_kernel)
kernel/lib.a(sem.o)           subsys/built-in.o (k_sem_init)
kernel/lib.a(sys_clock.o)     drivers/built-in.o (_nano_sys_clock_tick_announce)
kernel/lib.a(thread.o)        subsys/built-in.o (k_is_in_isr)
kernel/lib.a(thread_abort.o)  arch/built-in.o (k_thread_abort)
kernel/lib.a(idle.o)          kernel/lib.a(init.o) (idle)
/home/shubham/zephyr-sdk/sysroots/i586-zephyr-elf/usr/lib/i586-zephyr-elf/6.2.0/libgcc.a(_udivdi3.o)
                              drivers/built-in.o (__udivdi3)

Allocating common symbols
Common symbol       size              file

AckWaitList         0x550             ext/built-in.o
mbedtls_cipher_supported
                    0x1c              ext/built-in.o
_handling_timeouts  0x4               kernel/lib.a(sys_clock.o)
SubscriptionList    0x67c             ext/built-in.o
shadowRxBuf         0x201             ext/built-in.o
_time_slice_elapsed
                    0x4               kernel/lib.a(sys_clock.o)
shadowDeltaTopic    0x50              ext/built-in.o
_sys_clock_tick_count
                    0x8               kernel/lib.a(sys_clock.o)
mqttClientID        0x50              ext/built-in.o
pMqttClient         0x4               ext/built-in.o
sys_cache_line_size
                    0x4               arch/built-in.o
myThingName         0x14              ext/built-in.o

Discarded input sections

 .text          0x0000000000000000        0x0 src/built-in.o
 .data          0x0000000000000000        0x0 src/built-in.o
 .bss           0x0000000000000000        0x0 src/built-in.o
 .text          0x0000000000000000        0x0 lib/built-in.o
 .text.fprintf  0x0000000000000000       0x1c lib/built-in.o
 .text.vfprintf
                0x0000000000000000       0x1b lib/built-in.o
 .text.printf   0x0000000000000000       0x1b lib/built-in.o
 .text.vprintf  0x0000000000000000       0x1a lib/built-in.o
 .text.sprintf  0x0000000000000000       0x33 lib/built-in.o
 .text.vsnprintf
                0x0000000000000000       0x38 lib/built-in.o
 .text.vsprintf
                0x0000000000000000       0x32 lib/built-in.o
 .text._stdout_hook_default
                0x0000000000000000        0x8 lib/built-in.o
 .text.__stdout_hook_install
                0x0000000000000000        0xd lib/built-in.o
 .text.fputc    0x0000000000000000       0x15 lib/built-in.o
 .text.fputs    0x0000000000000000       0x2c lib/built-in.o
 .text.fwrite   0x0000000000000000       0x4b lib/built-in.o
 .text.puts     0x0000000000000000       0x28 lib/built-in.o
 .text.strcat   0x0000000000000000       0x22 lib/built-in.o
 .text.strncat  0x0000000000000000       0x33 lib/built-in.o
 .text.memchr   0x0000000000000000       0x29 lib/built-in.o
 .text.strncasecmp
                0x0000000000000000       0x3b lib/built-in.o
 .text.strtoul  0x0000000000000000      0x132 lib/built-in.o
 .text.atoi     0x0000000000000000       0x4c lib/built-in.o
 .rodata.charmap
                0x0000000000000000      0x100 lib/built-in.o
 .data          0x0000000000000000        0x0 lib/built-in.o
 .data._stdout_hook
                0x0000000000000000        0x4 lib/built-in.o
 .bss           0x0000000000000000        0x0 lib/built-in.o
 .text          0x0000000000000000        0x0 kernel/built-in.o
 .text.sys_kernel_version_get
                0x0000000000000000        0xa kernel/built-in.o
 .data          0x0000000000000000        0x0 kernel/built-in.o
 .bss           0x0000000000000000        0x0 kernel/built-in.o
 .comment       0x0000000000000000       0x12 kernel/built-in.o
 .debug_aranges
                0x0000000000000000       0x20 kernel/built-in.o
 .debug_info    0x0000000000000000       0x85 kernel/built-in.o
 .debug_abbrev  0x0000000000000000       0x5c kernel/built-in.o
 .debug_line    0x0000000000000000       0x95 kernel/built-in.o
 .debug_frame   0x0000000000000000       0x34 kernel/built-in.o
 .debug_str     0x0000000000000000      0x1c1 kernel/built-in.o
 .debug_ranges  0x0000000000000000       0x10 kernel/built-in.o
 .text          0x0000000000000000        0x0 drivers/built-in.o
 .text._loapic_irq_disable
[...]
Memory Configuration

Name             Origin             Length             Attributes
ROM              0x0000000000001000 0x00000000003ff000 xr
RAM              0x0000000000400000 0x0000000000400000 xw
IDT_LIST         0x00000000ffff1000 0x0000000000000800
MMU_LIST         0x00000000ffff2000 0x0000000000000400
*default*        0x0000000000000000 0xffffffffffffffff

Linker script and memory map

START GROUP
LOAD libapplication.a
LOAD libzephyr.a
LOAD kernel/lib.a
LOAD ./arch/x86/core/offsets/offsets.o
END GROUP
LOAD /home/shubham/zephyr-sdk/sysroots/i586-zephyr-elf/usr/lib/i586-zephyr-elf/6.2.0/libgcc.a
                0x0000000000001000                _image_rom_start = 0x1000
                0x0000000000001000                _image_text_start = 0x1000

text            0x0000000000001000    0x16ce8
                0x0000000000000000                . = 0x0
 *(.text_start)
 *(.text_start.*)
 .text_start.__start
                0x0000000000001000       0xc8 arch/built-in.o
                0x0000000000001000                __start
                0x000000000000109e                _Idt
 *(.text)
 *fill*         0x00000000000010c8        0x8 
 .text          0x00000000000010d0      0x129 /home/shubham/zephyr-sdk/sysroots/i586-zephyr-elf/usr/lib/i586-zephyr-elf/6.2.0/libgcc.a(_udivdi3.o)
                0x00000000000010d0                __udivdi3
 *(.text.*)
 .text.ShadowUpdateStatusCallback
                0x00000000000011f9        0x5 src/built-in.o
                0x00000000000011f9                ShadowUpdateStatusCallback
 .text.windowActuate_Callback
                0x00000000000011fe        0x5 src/built-in.o
                0x00000000000011fe                windowActuate_Callback
 .text.main     0x0000000000001203      0x2b0 src/built-in.o
                0x0000000000001203                main
 .text._to_x    0x00000000000014b3       0x5b lib/built-in.o
 .text._rlrshift
                0x000000000000150e       0x26 lib/built-in.o
 .text._ldiv5   0x0000000000001534       0x94 lib/built-in.o
 .text._get_digit
                0x00000000000015c8       0x45 lib/built-in.o
 .text._prf     0x000000000000160d      0xbb2 lib/built-in.o
                0x000000000000160d                _prf
 .text.sprintf_out
                0x00000000000021bf       0x1c lib/built-in.o
 .text.snprintf
                0x00000000000021db       0x39 lib/built-in.o
                0x00000000000021db                snprintf
 .text.strcpy   0x0000000000002214       0x1e lib/built-in.o
                0x0000000000002214                strcpy
 .text.strncpy  0x0000000000002232       0x30 lib/built-in.o
                0x0000000000002232                strncpy
 .text.strchr   0x0000000000002262       0x22 lib/built-in.o
                0x0000000000002262                strchr
 .text.strrchr  0x0000000000002284       0x18 lib/built-in.o
                0x0000000000002284                strrchr
 .text.strlen   0x000000000000229c       0x13 lib/built-in.o
                0x000000000000229c                strlen
 .text.strcmp   0x00000000000022af       0x23 lib/built-in.o
                0x00000000000022af                strcmp
 .text.strncmp  0x00000000000022d2       0x2b lib/built-in.o
                0x00000000000022d2                strncmp
 .text.memcmp   0x00000000000022fd       0x2d lib/built-in.o
                0x00000000000022fd                memcmp
 .text.memmove  0x000000000000232a       0x38 lib/built-in.o
                0x000000000000232a                memmove
 .text.memcpy   0x0000000000002362       0x6b lib/built-in.o
                0x0000000000002362                memcpy
 .text.memset   0x00000000000023cd       0x63 lib/built-in.o
                0x00000000000023cd                memset
 .text.strstr   0x0000000000002430       0x5c lib/built-in.o
                0x0000000000002430                strstr
 .text.strtol   0x000000000000248c      0x13b lib/built-in.o
                0x000000000000248c                strtol
 .text.console_out
                0x00000000000025c7       0x31 drivers/built-in.o
 .text.uart_console_hook_install
                0x00000000000025f8       0x10 drivers/built-in.o
                0x00000000000025f8                uart_console_hook_install
 .text.uart_console_init
                0x0000000000002608       0x1c drivers/built-in.o
 .text.uart_pipe_isr
                0x0000000000002624       0xb0 drivers/built-in.o
 .text.uart_pipe_send
                0x00000000000026d4       0x30 drivers/built-in.o
                0x00000000000026d4                uart_pipe_send
 .text.uart_pipe_register
                0x0000000000002704       0x9b drivers/built-in.o
                0x0000000000002704                uart_pipe_register
 .text.sys_rand32_get
                0x000000000000279f        0x7 drivers/built-in.o
                0x000000000000279f                sys_rand32_get
 .text.uart_ns16550_init
                0x00000000000027a6       0xa9 drivers/built-in.o
 .text.uart_ns16550_poll_in
                0x000000000000284f       0x27 drivers/built-in.o
 .text.uart_ns16550_poll_out
                0x0000000000002876       0x1f drivers/built-in.o
 .text.uart_ns16550_err_check
                0x0000000000002895       0x16 drivers/built-in.o
 .text.uart_ns16550_fifo_fill
                0x00000000000028ab       0x30 drivers/built-in.o
 .text.uart_ns16550_fifo_read
                0x00000000000028db       0x2e drivers/built-in.o
 .text.uart_ns16550_irq_tx_enable
                0x0000000000002909       0x13 drivers/built-in.o
 .text.uart_ns16550_irq_tx_disable
                0x000000000000291c       0x13 drivers/built-in.o
 .text.uart_ns16550_irq_tx_ready
                0x000000000000292f       0x19 drivers/built-in.o
 .text.uart_ns16550_irq_tx_complete
                0x0000000000002948       0x1c drivers/built-in.o
 .text.uart_ns16550_irq_rx_enable
                0x0000000000002964       0x13 drivers/built-in.o
 .text.uart_ns16550_irq_rx_disable
                0x0000000000002977       0x13 drivers/built-in.o
 .text.uart_ns16550_irq_rx_ready
                0x000000000000298a       0x19 drivers/built-in.o
 .text.uart_ns16550_irq_err_enable
                0x00000000000029a3       0x13 drivers/built-in.o
 .text.uart_ns16550_irq_err_disable
                0x00000000000029b6       0x13 drivers/built-in.o
 .text.uart_ns16550_irq_is_pending
                0x00000000000029c9       0x13 drivers/built-in.o
 .text.uart_ns16550_irq_update
                0x00000000000029dc       0x19 drivers/built-in.o
 .text.uart_ns16550_irq_callback_set
                0x00000000000029f5       0x11 drivers/built-in.o
 .text.uart_ns16550_isr
                0x0000000000002a06       0x15 drivers/built-in.o
 .text.irq_config_func_0
                0x0000000000002a1b       0x24 drivers/built-in.o
 .text.irqstubs
                0x0000000000002a3f       0x2a drivers/built-in.o
                0x0000000000002a3f                uart_ns16550_isr_irq4_stub
                0x0000000000002a4e                uart_ns16550_isr_irq3_stub
                0x0000000000002a5d                _timer_int_handler_irq2_stub
 .text.irq_config_func_1
                0x0000000000002a69       0x24 drivers/built-in.o
 .text._timer_int_handler
                0x0000000000002a8d       0x11 drivers/built-in.o
                0x0000000000002a8d                _timer_int_handler
 .text._sys_clock_driver_init
                0x0000000000002a9e      0x146 drivers/built-in.o
                0x0000000000002a9e                _sys_clock_driver_init
 .text._timer_cycle_get_32
                0x0000000000002be4       0x10 drivers/built-in.o
                0x0000000000002be4                _timer_cycle_get_32
 .text._i8259_init
                0x0000000000002bf4        0xd drivers/built-in.o
                0x0000000000002bf4                _i8259_init
 .text._loapic_init
                0x0000000000002c01       0xad drivers/built-in.o
 .text._loapic_int_vec_set
                0x0000000000002cae       0x23 drivers/built-in.o
                0x0000000000002cae                _loapic_int_vec_set
 .text._loapic_irq_enable
                0x0000000000002cd1       0x24 drivers/built-in.o
                0x0000000000002cd1                _loapic_irq_enable
 .text.__irq_controller_isr_vector_get
                0x0000000000002cf5       0x2f drivers/built-in.o
                0x0000000000002cf5                __irq_controller_isr_vector_get
 .text.__irq_controller_irq_config
                0x0000000000002d24       0x26 drivers/built-in.o
                0x0000000000002d24                __irq_controller_irq_config
 .text._arch_irq_enable
                0x0000000000002d4a       0x1d drivers/built-in.o
                0x0000000000002d4a                _arch_irq_enable
 .text.__IoApicSet
                0x0000000000002d67       0x1a drivers/built-in.o
 .text._IoApicRedUpdateLo
                0x0000000000002d81       0x2d drivers/built-in.o
 .text._ioapic_init
                0x0000000000002dae       0x2c drivers/built-in.o
                0x0000000000002dae                _ioapic_init
 .text._ioapic_irq_enable
                0x0000000000002dda       0x13 drivers/built-in.o
                0x0000000000002dda                _ioapic_irq_enable
 .text._ioapic_irq_set
                0x0000000000002ded       0x2e drivers/built-in.o
                0x0000000000002ded                _ioapic_irq_set
 .text.slip_init
                0x0000000000002e1b       0x2f drivers/built-in.o
 .text.recv_cb  0x0000000000002e4a      0x1d1 drivers/built-in.o
 .text.slip_writeb
                0x000000000000301b       0x16 drivers/built-in.o
 .text.slip_writeb_esc
                0x0000000000003031       0x36 drivers/built-in.o
 .text.slip_send
                0x0000000000003067       0xc9 drivers/built-in.o
 .text.slip_iface_init
                0x0000000000003130       0x55 drivers/built-in.o
 .text._nop_char_out
                0x0000000000003185        0x7 misc/built-in.o
 .text.char_out
                0x000000000000318c        0xf misc/built-in.o
 .text._printk_dec_ulong
                0x000000000000319b       0xf3 misc/built-in.o
 .text.__printk_hook_install
                0x000000000000328e        0xd misc/built-in.o
                0x000000000000328e                __printk_hook_install
 .text._vprintk
                0x000000000000329b      0x2fc misc/built-in.o
                0x000000000000329b                _vprintk
 .text.vprintk  0x0000000000003597       0x27 misc/built-in.o
                0x0000000000003597                vprintk
 .text.printk   0x00000000000035be       0x13 misc/built-in.o
                0x00000000000035be                printk
 .text._ConfigAbsSyms
                0x00000000000035d1        0x5 misc/built-in.o
                0x00000000000035d1                _ConfigAbsSyms
 .text._mbedtls_init
                0x00000000000035d6        0x7 ext/built-in.o
 .text.mbedtls_aes_init
                0x00000000000035dd       0x17 ext/built-in.o
                0x00000000000035dd                mbedtls_aes_init
 .text.mbedtls_aes_free
                0x00000000000035f4       0x1c ext/built-in.o
                0x00000000000035f4                mbedtls_aes_free
 .text.mbedtls_aes_setkey_enc
                0x0000000000003610      0x268 ext/built-in.o
                0x0000000000003610                mbedtls_aes_setkey_enc
 .text.mbedtls_aes_setkey_dec
                0x0000000000003878      0x167 ext/built-in.o
                0x0000000000003878                mbedtls_aes_setkey_dec
 .text.mbedtls_internal_aes_encrypt
                0x00000000000039df      0x4bb ext/built-in.o
                0x00000000000039df                mbedtls_internal_aes_encrypt
 .text.mbedtls_internal_aes_decrypt
                0x0000000000003e9a      0x4c7 ext/built-in.o
                0x0000000000003e9a                mbedtls_internal_aes_decrypt
 .text.mbedtls_aes_crypt_ecb
                0x0000000000004361       0x27 ext/built-in.o
                0x0000000000004361                mbedtls_aes_crypt_ecb
 .text.mpi_sub_hlp
                0x0000000000004388       0x57 ext/built-in.o
 .text.mpi_mul_hlp
                0x00000000000043df      0x255 ext/built-in.o
 .text.mbedtls_mpi_init
                0x0000000000004634       0x20 ext/built-in.o
                0x0000000000004634                mbedtls_mpi_init
 .text.mbedtls_mpi_free
                0x0000000000004654       0x49 ext/built-in.o
                0x0000000000004654                mbedtls_mpi_free
 .text.mbedtls_mpi_grow
                0x000000000000469d       0x7c ext/built-in.o
                0x000000000000469d                mbedtls_mpi_grow
 .text.mbedtls_mpi_shrink
                0x0000000000004719       0xa4 ext/built-in.o
                0x0000000000004719                mbedtls_mpi_shrink
 .text.mbedtls_mpi_copy
                0x00000000000047bd       0x83 ext/built-in.o
                0x00000000000047bd                mbedtls_mpi_copy
 .text.mbedtls_mpi_safe_cond_assign
                0x0000000000004840       0xa1 ext/built-in.o
                0x0000000000004840                mbedtls_mpi_safe_cond_assign
 .text.mbedtls_mpi_lset
                0x00000000000048e1       0x4c ext/built-in.o
                0x00000000000048e1                mbedtls_mpi_lset
 .text.mbedtls_mpi_get_bit
                0x000000000000492d       0x29 ext/built-in.o
                0x000000000000492d                mbedtls_mpi_get_bit
 .text.mbedtls_mpi_lsb
                0x0000000000004956       0x32 ext/built-in.o
                0x0000000000004956                mbedtls_mpi_lsb
 .text.mbedtls_mpi_bitlen
                0x0000000000004988       0x51 ext/built-in.o
                0x0000000000004988                mbedtls_mpi_bitlen
 .text.mbedtls_mpi_size
                0x00000000000049d9       0x14 ext/built-in.o
                0x00000000000049d9                mbedtls_mpi_size
 .text.mbedtls_mpi_read_binary
                0x00000000000049ed       0x88 ext/built-in.o
                0x00000000000049ed                mbedtls_mpi_read_binary
 .text.mbedtls_mpi_write_binary
                0x0000000000004a75       0x6e ext/built-in.o
                0x0000000000004a75                mbedtls_mpi_write_binary
 .text.mbedtls_mpi_shift_l
                0x0000000000004ae3      0x101 ext/built-in.o
                0x0000000000004ae3                mbedtls_mpi_shift_l
 .text.mbedtls_mpi_shift_r
                0x0000000000004be4       0xcd ext/built-in.o
                0x0000000000004be4                mbedtls_mpi_shift_r
 .text.mbedtls_mpi_cmp_abs
                0x0000000000004cb1       0x98 ext/built-in.o
                0x0000000000004cb1                mbedtls_mpi_cmp_abs
 .text.mbedtls_mpi_cmp_mpi
                0x0000000000004d49       0xb8 ext/built-in.o
                0x0000000000004d49                mbedtls_mpi_cmp_mpi
 .text.mbedtls_mpi_cmp_int
                0x0000000000004e01       0x39 ext/built-in.o
                0x0000000000004e01                mbedtls_mpi_cmp_int
 .text.mbedtls_mpi_add_abs
                0x0000000000004e3a       0xf0 ext/built-in.o
                0x0000000000004e3a                mbedtls_mpi_add_abs
 .text.mbedtls_mpi_sub_abs
                0x0000000000004f2a       0xa8 ext/built-in.o
                0x0000000000004f2a                mbedtls_mpi_sub_abs
 .text.mbedtls_mpi_add_mpi
                0x0000000000004fd2       0x64 ext/built-in.o
                0x0000000000004fd2                mbedtls_mpi_add_mpi
 .text.mbedtls_mpi_sub_mpi
                0x0000000000005036       0x64 ext/built-in.o
                0x0000000000005036                mbedtls_mpi_sub_mpi
 .text.mbedtls_mpi_sub_int
                0x000000000000509a       0x3d ext/built-in.o
                0x000000000000509a                mbedtls_mpi_sub_int
 .text.mbedtls_mpi_mul_mpi
                0x00000000000050d7      0x14f ext/built-in.o
                0x00000000000050d7                mbedtls_mpi_mul_mpi
 .text.mbedtls_mpi_mul_int
                0x0000000000005226       0x34 ext/built-in.o
                0x0000000000005226                mbedtls_mpi_mul_int
 .text.mbedtls_mpi_div_mpi
                0x000000000000525a      0x52a ext/built-in.o
                0x000000000000525a                mbedtls_mpi_div_mpi
 .text.mbedtls_mpi_mod_mpi
                0x0000000000005784       0x7d ext/built-in.o
                0x0000000000005784                mbedtls_mpi_mod_mpi
 .text.mbedtls_mpi_gcd
                0x0000000000005801      0x179 ext/built-in.o
                0x0000000000005801                mbedtls_mpi_gcd
 .text.mbedtls_mpi_fill_random
                0x000000000000597a       0x3b ext/built-in.o
                0x000000000000597a                mbedtls_mpi_fill_random
 .text.mbedtls_mpi_inv_mod
                0x00000000000059b5      0x42f ext/built-in.o
                0x00000000000059b5                mbedtls_mpi_inv_mod
 .text.ccm_auth_crypt
                0x0000000000005de4      0x3a5 ext/built-in.o
 .text.mbedtls_ccm_init
                0x0000000000006189       0x14 ext/built-in.o
                0x0000000000006189                mbedtls_ccm_init
 .text.mbedtls_ccm_setkey
                0x000000000000619d       0x6c ext/built-in.o
                0x000000000000619d                mbedtls_ccm_setkey
 .text.mbedtls_ccm_free
                0x0000000000006209       0x22 ext/built-in.o
                0x0000000000006209                mbedtls_ccm_free
 .text.mbedtls_ccm_encrypt_and_tag
                0x000000000000622b       0x43 ext/built-in.o
                0x000000000000622b                mbedtls_ccm_encrypt_and_tag
 .text.mbedtls_ccm_auth_decrypt
                0x000000000000626e       0x7b ext/built-in.o
                0x000000000000626e                mbedtls_ccm_auth_decrypt
 .text.mbedtls_cipher_info_from_type
                0x00000000000062e9       0x1d ext/built-in.o
                0x00000000000062e9                mbedtls_cipher_info_from_type
 .text.mbedtls_cipher_info_from_values
                0x0000000000006306       0x32 ext/built-in.o
                0x0000000000006306                mbedtls_cipher_info_from_values
 .text.mbedtls_cipher_init
                0x0000000000006338       0x14 ext/built-in.o
                0x0000000000006338                mbedtls_cipher_init
 .text.mbedtls_cipher_free
                0x000000000000634c       0x4c ext/built-in.o
                0x000000000000634c                mbedtls_cipher_free
 .text.mbedtls_cipher_setup
                0x0000000000006398       0x46 ext/built-in.o
                0x0000000000006398                mbedtls_cipher_setup
 .text.mbedtls_cipher_setkey
                0x00000000000063de       0x77 ext/built-in.o
                0x00000000000063de                mbedtls_cipher_setkey
 .text.mbedtls_cipher_update
                0x0000000000006455       0x9a ext/built-in.o
                0x0000000000006455                mbedtls_cipher_update
 .text.mbedtls_cipher_auth_encrypt
                0x00000000000064ef       0x8c ext/built-in.o
                0x00000000000064ef                mbedtls_cipher_auth_encrypt
 .text.mbedtls_cipher_auth_decrypt
                0x000000000000657b       0x4f ext/built-in.o
                0x000000000000657b                mbedtls_cipher_auth_decrypt
 .text.ccm_ctx_free
                0x00000000000065ca       0x1b ext/built-in.o
 .text.ccm_ctx_alloc
                0x00000000000065e5       0x23 ext/built-in.o
 .text.ccm_aes_setkey_wrap
                0x0000000000006608       0x18 ext/built-in.o
 .text.aes_ctx_free
                0x0000000000006620       0x1b ext/built-in.o
 .text.aes_ctx_alloc
                0x000000000000663b       0x26 ext/built-in.o
 .text.aes_setkey_dec_wrap
                0x0000000000006661        0x9 ext/built-in.o
 .text.aes_setkey_enc_wrap
                0x000000000000666a        0x9 ext/built-in.o
 .text.aes_crypt_ecb_wrap
                0x0000000000006673        0x9 ext/built-in.o
 .text.block_cipher_df
                0x000000000000667c      0x1ce ext/built-in.o
 .text.ctr_drbg_update_internal
                0x000000000000684a       0x98 ext/built-in.o
 .text.mbedtls_ctr_drbg_init
                0x00000000000068e2       0x17 ext/built-in.o
                0x00000000000068e2                mbedtls_ctr_drbg_init
 .text.mbedtls_ctr_drbg_free
                0x00000000000068f9       0x2c ext/built-in.o
                0x00000000000068f9                mbedtls_ctr_drbg_free
 .text.mbedtls_ctr_drbg_reseed
                0x0000000000006925       0xc3 ext/built-in.o
                0x0000000000006925                mbedtls_ctr_drbg_reseed
 .text.mbedtls_ctr_drbg_seed_entropy_len
                0x00000000000069e8       0x6c ext/built-in.o
                0x00000000000069e8                mbedtls_ctr_drbg_seed_entropy_len
 .text.mbedtls_ctr_drbg_seed
                0x0000000000006a54       0x1e ext/built-in.o
                0x0000000000006a54                mbedtls_ctr_drbg_seed
 .text.mbedtls_ctr_drbg_random_with_add
                0x0000000000006a72       0xff ext/built-in.o
                0x0000000000006a72                mbedtls_ctr_drbg_random_with_add
 .text.mbedtls_ctr_drbg_random
                0x0000000000006b71       0x1a ext/built-in.o
                0x0000000000006b71                mbedtls_ctr_drbg_random
 .text.ecjpake_write_len_point
                0x0000000000006b8b       0x76 ext/built-in.o
 .text.ecjpake_hash
                0x0000000000006c01      0x186 ext/built-in.o
 .text.ecjpake_zkp_write
                0x0000000000006d87      0x170 ext/built-in.o
 .text.ecjpake_ecp_add3
                0x0000000000006ef7       0x6b ext/built-in.o
 .text.ecjpake_mul_secret
                0x0000000000006f62       0x8a ext/built-in.o
 .text.ecjpake_kkp_read
                0x0000000000006fec      0x182 ext/built-in.o
 .text.mbedtls_ecjpake_init
                0x000000000000716e       0xa2 ext/built-in.o
                0x000000000000716e                mbedtls_ecjpake_init
 .text.mbedtls_ecjpake_free
                0x0000000000007210       0x98 ext/built-in.o
                0x0000000000007210                mbedtls_ecjpake_free
 .text.mbedtls_ecjpake_check
                0x00000000000072a8       0x26 ext/built-in.o
                0x00000000000072a8                mbedtls_ecjpake_check
 .text.mbedtls_ecjpake_read_round_one
                0x00000000000072ce       0xa1 ext/built-in.o
                0x00000000000072ce                mbedtls_ecjpake_read_round_one
 .text.mbedtls_ecjpake_write_round_one
                0x000000000000736f      0x161 ext/built-in.o
                0x000000000000736f                mbedtls_ecjpake_write_round_one
 .text.mbedtls_ecjpake_read_round_two
                0x00000000000074d0      0x11c ext/built-in.o
                0x00000000000074d0                mbedtls_ecjpake_read_round_two
 .text.mbedtls_ecjpake_write_round_two
                0x00000000000075ec      0x18e ext/built-in.o
                0x00000000000075ec                mbedtls_ecjpake_write_round_two
 .text.mbedtls_ecjpake_derive_secret
                0x000000000000777a      0x12f ext/built-in.o
                0x000000000000777a                mbedtls_ecjpake_derive_secret
 .text.ecp_get_type
                0x00000000000078a9       0x1a ext/built-in.o
 .text.ecp_safe_invert_jac
                0x00000000000078c3       0x67 ext/built-in.o
 .text.ecp_modp
                0x000000000000792a       0xa8 ext/built-in.o
 .text.ecp_double_jac
                0x00000000000079d2      0x584 ext/built-in.o
 .text.ecp_normalize_jac
                0x0000000000007f56       0xfa ext/built-in.o
 .text.ecp_normalize_jac_many
                0x0000000000008050      0x2b5 ext/built-in.o
 .text.ecp_select_comb
                0x0000000000008305       0x94 ext/built-in.o
 .text.mbedtls_ecp_grp_id_list
                0x0000000000008399       0x31 ext/built-in.o
                0x0000000000008399                mbedtls_ecp_grp_id_list
 .text.mbedtls_ecp_curve_info_from_grp_id
                0x00000000000083ca       0x23 ext/built-in.o
                0x00000000000083ca                mbedtls_ecp_curve_info_from_grp_id
 .text.mbedtls_ecp_curve_info_from_tls_id
                0x00000000000083ed       0x1f ext/built-in.o
                0x00000000000083ed                mbedtls_ecp_curve_info_from_tls_id
 .text.mbedtls_ecp_point_init
                0x000000000000840c       0x31 ext/built-in.o
                0x000000000000840c                mbedtls_ecp_point_init
 .text.mbedtls_ecp_group_init
                0x000000000000843d       0x19 ext/built-in.o
                0x000000000000843d                mbedtls_ecp_group_init
 .text.mbedtls_ecp_point_free
                0x0000000000008456       0x31 ext/built-in.o
                0x0000000000008456                mbedtls_ecp_point_free
 .text.mbedtls_ecp_group_free
                0x0000000000008487       0x83 ext/built-in.o
                0x0000000000008487                mbedtls_ecp_group_free
 .text.mbedtls_ecp_copy
                0x000000000000850a       0x49 ext/built-in.o
                0x000000000000850a                mbedtls_ecp_copy
 .text.mbedtls_ecp_set_zero
                0x0000000000008553       0x38 ext/built-in.o
                0x0000000000008553                mbedtls_ecp_set_zero
 .text.ecp_add_mixed
                0x000000000000858b      0x506 ext/built-in.o
 .text.ecp_mul_comb
                0x0000000000008a91      0x78c ext/built-in.o
 .text.mbedtls_ecp_is_zero
                0x000000000000921d       0x1d ext/built-in.o
                0x000000000000921d                mbedtls_ecp_is_zero
 .text.mbedtls_ecp_point_cmp
                0x000000000000923a       0x4a ext/built-in.o
                0x000000000000923a                mbedtls_ecp_point_cmp
 .text.mbedtls_ecp_point_write_binary
                0x0000000000009284       0xe4 ext/built-in.o
                0x0000000000009284                mbedtls_ecp_point_write_binary
 .text.mbedtls_ecp_point_read_binary
                0x0000000000009368       0xa2 ext/built-in.o
                0x0000000000009368                mbedtls_ecp_point_read_binary
 .text.mbedtls_ecp_tls_read_point
                0x000000000000940a       0x42 ext/built-in.o
                0x000000000000940a                mbedtls_ecp_tls_read_point
 .text.mbedtls_ecp_tls_write_point
                0x000000000000944c       0x40 ext/built-in.o
                0x000000000000944c                mbedtls_ecp_tls_write_point
 .text.mbedtls_ecp_tls_read_group
                0x000000000000948c       0x68 ext/built-in.o
                0x000000000000948c                mbedtls_ecp_tls_read_group
 .text.mbedtls_ecp_tls_write_group
                0x00000000000094f4       0x44 ext/built-in.o
                0x00000000000094f4                mbedtls_ecp_tls_write_group
 .text.mbedtls_ecp_check_pubkey
                0x0000000000009538      0x1f9 ext/built-in.o
                0x0000000000009538                mbedtls_ecp_check_pubkey
 .text.mbedtls_ecp_check_privkey
                0x0000000000009731       0x46 ext/built-in.o
                0x0000000000009731                mbedtls_ecp_check_privkey
 .text.mbedtls_ecp_mul
                0x0000000000009777       0x8e ext/built-in.o
                0x0000000000009777                mbedtls_ecp_mul
 .text.mbedtls_ecp_mul_shortcuts
                0x0000000000009805       0x7f ext/built-in.o
 .text.mbedtls_ecp_muladd
                0x0000000000009884       0x84 ext/built-in.o
                0x0000000000009884                mbedtls_ecp_muladd
 .text.mbedtls_ecp_gen_keypair_base
                0x0000000000009908       0xc3 ext/built-in.o
                0x0000000000009908                mbedtls_ecp_gen_keypair_base
 .text.add32    0x00000000000099cb       0x12 ext/built-in.o
 .text.sub32    0x00000000000099dd       0x10 ext/built-in.o
 .text.ecp_mod_p256
                0x00000000000099ed      0x5ce ext/built-in.o
 .text.mbedtls_ecp_group_load
                0x0000000000009fbb       0xdb ext/built-in.o
                0x0000000000009fbb                mbedtls_ecp_group_load
 .text.entropy_update
                0x000000000000a096       0x62 ext/built-in.o
 .text.entropy_gather_internal
                0x000000000000a0f8       0xae ext/built-in.o
 .text.mbedtls_entropy_init
                0x000000000000a1a6       0x26 ext/built-in.o
                0x000000000000a1a6                mbedtls_entropy_init
 .text.mbedtls_entropy_free
                0x000000000000a1cc       0x18 ext/built-in.o
                0x000000000000a1cc                mbedtls_entropy_free
 .text.mbedtls_entropy_func
                0x000000000000a1e4       0xdb ext/built-in.o
                0x000000000000a1e4                mbedtls_entropy_func
 .text.mbedtls_md_info_from_type
                0x000000000000a2bf       0x1e ext/built-in.o
                0x000000000000a2bf                mbedtls_md_info_from_type
 .text.mbedtls_md_init
                0x000000000000a2dd       0x14 ext/built-in.o
                0x000000000000a2dd                mbedtls_md_init
 .text.mbedtls_md_free
                0x000000000000a2f1       0x53 ext/built-in.o
                0x000000000000a2f1                mbedtls_md_free
 .text.mbedtls_md_setup
                0x000000000000a344       0x5e ext/built-in.o
                0x000000000000a344                mbedtls_md_setup
 .text.mbedtls_md
                0x000000000000a3a2       0x22 ext/built-in.o
                0x000000000000a3a2                mbedtls_md
 .text.mbedtls_md_hmac_starts
                0x000000000000a3c4       0xe4 ext/built-in.o
                0x000000000000a3c4                mbedtls_md_hmac_starts
 .text.mbedtls_md_hmac_update
                0x000000000000a4a8       0x2e ext/built-in.o
                0x000000000000a4a8                mbedtls_md_hmac_update
 .text.mbedtls_md_hmac_finish
                0x000000000000a4d6       0x71 ext/built-in.o
                0x000000000000a4d6                mbedtls_md_hmac_finish
 .text.mbedtls_md_hmac_reset
                0x000000000000a547       0x3d ext/built-in.o
                0x000000000000a547                mbedtls_md_hmac_reset
 .text.mbedtls_md_get_size
                0x000000000000a584       0x11 ext/built-in.o
                0x000000000000a584                mbedtls_md_get_size
 .text.sha224_process_wrap
                0x000000000000a595        0x9 ext/built-in.o
 .text.sha224_clone_wrap
                0x000000000000a59e        0x9 ext/built-in.o
 .text.sha224_ctx_free
                0x000000000000a5a7       0x1b ext/built-in.o
 .text.sha224_ctx_alloc
                0x000000000000a5c2       0x23 ext/built-in.o
 .text.sha224_wrap
                0x000000000000a5e5       0x18 ext/built-in.o
 .text.sha256_wrap
                0x000000000000a5fd       0x18 ext/built-in.o
 .text.sha224_finish_wrap
                0x000000000000a615        0x9 ext/built-in.o
 .text.sha224_update_wrap
                0x000000000000a61e        0x9 ext/built-in.o
 .text.sha224_starts_wrap
                0x000000000000a627       0x11 ext/built-in.o
 .text.sha256_starts_wrap
                0x000000000000a638       0x11 ext/built-in.o
 .text.mbedtls_pk_init
                0x000000000000a649       0x19 ext/built-in.o
                0x000000000000a649                mbedtls_pk_init
 .text.mbedtls_pk_free
                0x000000000000a662       0x2a ext/built-in.o
                0x000000000000a662                mbedtls_pk_free
 .text.platform_calloc_uninit
                0x000000000000a68c        0x7 ext/built-in.o
 .text.platform_free_uninit
                0x000000000000a693        0x5 ext/built-in.o
 .text.mbedtls_sha256_init
                0x000000000000a698       0x14 ext/built-in.o
                0x000000000000a698                mbedtls_sha256_init
 .text.mbedtls_sha256_free
                0x000000000000a6ac       0x19 ext/built-in.o
                0x000000000000a6ac                mbedtls_sha256_free
 .text.mbedtls_sha256_clone
                0x000000000000a6c5       0x16 ext/built-in.o
                0x000000000000a6c5                mbedtls_sha256_clone
 .text.mbedtls_sha256_starts
                0x000000000000a6db       0x91 ext/built-in.o
                0x000000000000a6db                mbedtls_sha256_starts
 .text.mbedtls_sha256_process
                0x000000000000a76c      0xd9c ext/built-in.o
                0x000000000000a76c                mbedtls_sha256_process
 .text.mbedtls_sha256_update.part.0
                0x000000000000b508       0xa3 ext/built-in.o
 .text.mbedtls_sha256_update
                0x000000000000b5ab       0x18 ext/built-in.o
                0x000000000000b5ab                mbedtls_sha256_update
 .text.mbedtls_sha256_finish
                0x000000000000b5c3      0x196 ext/built-in.o
                0x000000000000b5c3                mbedtls_sha256_finish
 .text.mbedtls_sha256
                0x000000000000b759       0x42 ext/built-in.o
                0x000000000000b759                mbedtls_sha256
 .text.mbedtls_ssl_list_ciphersuites
                0x000000000000b79b        0xa ext/built-in.o
                0x000000000000b79b                mbedtls_ssl_list_ciphersuites
 .text.mbedtls_ssl_ciphersuite_from_id
                0x000000000000b7a5       0x23 ext/built-in.o
                0x000000000000b7a5                mbedtls_ssl_ciphersuite_from_id
 .text.mbedtls_ssl_handshake_client_step
                0x000000000000b7c8      0xca3 ext/built-in.o
                0x000000000000b7c8                mbedtls_ssl_handshake_client_step
 .text.mbedtls_ssl_handshake_server_step
                0x000000000000c46b      0xd16 ext/built-in.o
                0x000000000000c46b                mbedtls_ssl_handshake_server_step
 .text.mbedtls_zeroize
                0x000000000000d181       0x11 ext/built-in.o
 .text.ssl_set_timer
                0x000000000000d192       0x19 ext/built-in.o
 .text.ssl_flight_free
                0x000000000000d1ab       0x2b ext/built-in.o
 .text.ssl_cookie_write_dummy
                0x000000000000d1d6        0xa ext/built-in.o
 .text.ssl_cookie_check_dummy
                0x000000000000d1e0        0xa ext/built-in.o
 .text.ssl_swap_epochs
                0x000000000000d1ea       0x8a ext/built-in.o
 .text.ssl_calc_finished_tls_sha256
                0x000000000000d274       0xa0 ext/built-in.o
 .text.ssl_calc_verify_tls_sha256
                0x000000000000d314       0x3d ext/built-in.o
 .text.ssl_update_checksum_sha256
                0x000000000000d351       0x17 ext/built-in.o
 .text.ssl_update_checksum_start
                0x000000000000d368        0x9 ext/built-in.o
 .text.mbedtls_ssl_hdr_len.isra.0
                0x000000000000d371       0x15 ext/built-in.o
 .text.tls_prf_sha256
                0x000000000000d386      0x1d3 ext/built-in.o
 .text.mbedtls_ssl_derive_keys
                0x000000000000d559      0x3fd ext/built-in.o
                0x000000000000d559                mbedtls_ssl_derive_keys
 .text.mbedtls_ssl_flush_output
                0x000000000000d956       0xb6 ext/built-in.o
                0x000000000000d956                mbedtls_ssl_flush_output
 .text.mbedtls_ssl_recv_flight_completed
                0x000000000000da0c       0x65 ext/built-in.o
                0x000000000000da0c                mbedtls_ssl_recv_flight_completed
 .text.mbedtls_ssl_send_flight_completed
                0x000000000000da71       0x40 ext/built-in.o
                0x000000000000da71                mbedtls_ssl_send_flight_completed
 .text.mbedtls_ssl_update_handshake_status
                0x000000000000dab1       0x41 ext/built-in.o
                0x000000000000dab1                mbedtls_ssl_update_handshake_status
 .text.mbedtls_ssl_dtls_replay_check
                0x000000000000daf2       0xc3 ext/built-in.o
                0x000000000000daf2                mbedtls_ssl_dtls_replay_check
 .text.mbedtls_ssl_dtls_replay_update
                0x000000000000dbb5      0x123 ext/built-in.o
                0x000000000000dbb5                mbedtls_ssl_dtls_replay_update
 .text.mbedtls_ssl_parse_certificate
                0x000000000000dcd8       0x34 ext/built-in.o
                0x000000000000dcd8                mbedtls_ssl_parse_certificate
 .text.mbedtls_ssl_write_certificate
                0x000000000000dd0c        0x9 ext/built-in.o
                0x000000000000dd0c                mbedtls_ssl_write_certificate
 .text.mbedtls_ssl_optimize_checksum
                0x000000000000dd15       0x1e ext/built-in.o
                0x000000000000dd15                mbedtls_ssl_optimize_checksum
 .text.mbedtls_ssl_reset_checksum
                0x000000000000dd33       0x1a ext/built-in.o
                0x000000000000dd33                mbedtls_ssl_reset_checksum
 .text.mbedtls_ssl_session_init
                0x000000000000dd4d       0x14 ext/built-in.o
                0x000000000000dd4d                mbedtls_ssl_session_init
 .text.mbedtls_ssl_init
                0x000000000000dd61       0x17 ext/built-in.o
                0x000000000000dd61                mbedtls_ssl_init
 .text.mbedtls_ssl_conf_authmode
                0x000000000000dd78       0x20 ext/built-in.o
                0x000000000000dd78                mbedtls_ssl_conf_authmode
 .text.mbedtls_ssl_conf_rng
                0x000000000000dd98       0x14 ext/built-in.o
                0x000000000000dd98                mbedtls_ssl_conf_rng
 .text.mbedtls_ssl_set_bio
                0x000000000000ddac       0x20 ext/built-in.o
                0x000000000000ddac                mbedtls_ssl_set_bio
 .text.mbedtls_ssl_conf_read_timeout
                0x000000000000ddcc        0xe ext/built-in.o
                0x000000000000ddcc                mbedtls_ssl_conf_read_timeout
 .text.mbedtls_ssl_get_verify_result
                0x000000000000ddda       0x1c ext/built-in.o
                0x000000000000ddda                mbedtls_ssl_get_verify_result
 .text.mbedtls_ssl_get_record_expansion
                0x000000000000ddf6       0x57 ext/built-in.o
                0x000000000000ddf6                mbedtls_ssl_get_record_expansion
 .text.mbedtls_ssl_get_max_frag_len
                0x000000000000de4d       0x33 ext/built-in.o
                0x000000000000de4d                mbedtls_ssl_get_max_frag_len
 .text.mbedtls_ssl_handshake_step
                0x000000000000de80       0x41 ext/built-in.o
                0x000000000000de80                mbedtls_ssl_handshake_step
 .text.mbedtls_ssl_handshake
                0x000000000000dec1       0x2f ext/built-in.o
                0x000000000000dec1                mbedtls_ssl_handshake
 .text.mbedtls_ssl_transform_free
                0x000000000000def0       0x4e ext/built-in.o
                0x000000000000def0                mbedtls_ssl_transform_free
 .text.mbedtls_ssl_handshake_free
                0x000000000000df3e       0x88 ext/built-in.o
                0x000000000000df3e                mbedtls_ssl_handshake_free
 .text.ssl_handshake_wrapup_free_hs_transform
                0x000000000000dfc6       0x4a ext/built-in.o
 .text.mbedtls_ssl_session_free
                0x000000000000e010       0x17 ext/built-in.o
                0x000000000000e010                mbedtls_ssl_session_free
 .text.mbedtls_ssl_handshake_wrapup
                0x000000000000e027       0x81 ext/built-in.o
                0x000000000000e027                mbedtls_ssl_handshake_wrapup
 .text.ssl_handshake_init
                0x000000000000e0a8      0x198 ext/built-in.o
 .text.mbedtls_ssl_setup
                0x000000000000e240       0xe2 ext/built-in.o
                0x000000000000e240                mbedtls_ssl_setup
 .text.mbedtls_ssl_free
                0x000000000000e322       0xdb ext/built-in.o
                0x000000000000e322                mbedtls_ssl_free
 .text.mbedtls_ssl_config_init
                0x000000000000e3fd       0x14 ext/built-in.o
                0x000000000000e3fd                mbedtls_ssl_config_init
 .text.mbedtls_ssl_config_defaults
                0x000000000000e411       0xc1 ext/built-in.o
                0x000000000000e411                mbedtls_ssl_config_defaults
 .text.mbedtls_ssl_config_free
                0x000000000000e4d2       0x11 ext/built-in.o
                0x000000000000e4d2                mbedtls_ssl_config_free
 .text.mbedtls_ssl_write_version
                0x000000000000e4e3       0x32 ext/built-in.o
                0x000000000000e4e3                mbedtls_ssl_write_version
 .text.mbedtls_ssl_write_record
                0x000000000000e515      0x3cf ext/built-in.o
                0x000000000000e515                mbedtls_ssl_write_record
 .text.mbedtls_ssl_resend
                0x000000000000e8e4       0xc1 ext/built-in.o
                0x000000000000e8e4                mbedtls_ssl_resend
 .text.mbedtls_ssl_fetch_input
                0x000000000000e9a5      0x1f9 ext/built-in.o
                0x000000000000e9a5                mbedtls_ssl_fetch_input
 .text.mbedtls_ssl_prepare_handshake_record
                0x000000000000eb9e      0x3c6 ext/built-in.o
                0x000000000000eb9e                mbedtls_ssl_prepare_handshake_record
 .text.mbedtls_ssl_handle_message_type
                0x000000000000ef64       0x5b ext/built-in.o
                0x000000000000ef64                mbedtls_ssl_handle_message_type
 .text.mbedtls_ssl_send_alert_message
                0x000000000000efbf       0x4a ext/built-in.o
                0x000000000000efbf                mbedtls_ssl_send_alert_message
 .text.mbedtls_ssl_close_notify
                0x000000000000f009       0x3c ext/built-in.o
                0x000000000000f009                mbedtls_ssl_close_notify
 .text.mbedtls_ssl_write_change_cipher_spec
                0x000000000000f045       0x2c ext/built-in.o
                0x000000000000f045                mbedtls_ssl_write_change_cipher_spec
 .text.mbedtls_ssl_write_finished
                0x000000000000f071      0x120 ext/built-in.o
                0x000000000000f071                mbedtls_ssl_write_finished
 .text.mbedtls_ssl_write
                0x000000000000f191       0x8e ext/built-in.o
                0x000000000000f191                mbedtls_ssl_write
 .text.mbedtls_ssl_read_version
                0x000000000000f21f       0x48 ext/built-in.o
                0x000000000000f21f                mbedtls_ssl_read_version
 .text.mbedtls_ssl_read_record_layer
                0x000000000000f267      0x449 ext/built-in.o
                0x000000000000f267                mbedtls_ssl_read_record_layer
 .text.mbedtls_ssl_read_record
                0x000000000000f6b0       0x54 ext/built-in.o
                0x000000000000f6b0                mbedtls_ssl_read_record
 .text.mbedtls_ssl_parse_change_cipher_spec
                0x000000000000f704       0xd3 ext/built-in.o
                0x000000000000f704                mbedtls_ssl_parse_change_cipher_spec
 .text.mbedtls_ssl_parse_finished
                0x000000000000f7d7       0xfc ext/built-in.o
                0x000000000000f7d7                mbedtls_ssl_parse_finished
 .text.mbedtls_ssl_read
                0x000000000000f8d3      0x133 ext/built-in.o
                0x000000000000f8d3                mbedtls_ssl_read
 .text.jsmn_parse
                0x000000000000fa06      0x3e8 ext/built-in.o
                0x000000000000fa06                jsmn_parse
 .text.jsmn_init
                0x000000000000fdee       0x1c ext/built-in.o
                0x000000000000fdee                jsmn_init
 .text._atob    0x000000000000fe0a      0x10f ext/built-in.o
 .text.atob     0x000000000000ff19       0x67 ext/built-in.o
                0x000000000000ff19                atob
 .text.strcspn  0x000000000000ff80       0x28 ext/built-in.o
                0x000000000000ff80                strcspn
 .text.vsscanf  0x000000000000ffa8      0x2e6 ext/built-in.o
 .text.sscanf   0x000000000001028e       0x13 ext/built-in.o
                0x000000000001028e                sscanf
 .text.jsoneq   0x00000000000102a1       0x43 ext/built-in.o
                0x00000000000102a1                jsoneq
 .text.parseUnsignedInteger32Value
                0x00000000000102e4       0x35 ext/built-in.o
                0x00000000000102e4                parseUnsignedInteger32Value
 .text.parseUnsignedInteger16Value
                0x0000000000010319       0x35 ext/built-in.o
                0x0000000000010319                parseUnsignedInteger16Value
 .text.parseUnsignedInteger8Value
                0x000000000001034e       0x35 ext/built-in.o
                0x000000000001034e                parseUnsignedInteger8Value
 .text.parseInteger32Value
                0x0000000000010383       0x30 ext/built-in.o
                0x0000000000010383                parseInteger32Value
 .text.parseInteger16Value
                0x00000000000103b3       0x30 ext/built-in.o
                0x00000000000103b3                parseInteger16Value
 .text.parseInteger8Value
                0x00000000000103e3       0x30 ext/built-in.o
                0x00000000000103e3                parseInteger8Value
 .text.parseFloatValue
                0x0000000000010413       0x30 ext/built-in.o
                0x0000000000010413                parseFloatValue
 .text.parseDoubleValue
                0x0000000000010443       0x30 ext/built-in.o
                0x0000000000010443                parseDoubleValue
 .text.parseBooleanValue
                0x0000000000010473       0x6c ext/built-in.o
                0x0000000000010473                parseBooleanValue
 .text.parseStringValue
                0x00000000000104df       0x3b ext/built-in.o
                0x00000000000104df                parseStringValue
 .text.aws_iot_mqtt_get_client_state
                0x000000000001051a       0x11 ext/built-in.o
                0x000000000001051a                aws_iot_mqtt_get_client_state
 .text.aws_iot_mqtt_set_client_state
                0x000000000001052b       0x26 ext/built-in.o
                0x000000000001052b                aws_iot_mqtt_set_client_state
 .text.aws_iot_mqtt_set_connect_params
                0x0000000000010551       0xf4 ext/built-in.o
                0x0000000000010551                aws_iot_mqtt_set_connect_params
 .text.aws_iot_mqtt_init
                0x0000000000010645      0x154 ext/built-in.o
                0x0000000000010645                aws_iot_mqtt_init
 .text.aws_iot_mqtt_get_next_packet_id
                0x0000000000010799       0x1d ext/built-in.o
                0x0000000000010799                aws_iot_mqtt_get_next_packet_id
 .text.aws_iot_mqtt_is_client_connected
                0x00000000000107b6       0x1a ext/built-in.o
                0x00000000000107b6                aws_iot_mqtt_is_client_connected
 .text.aws_iot_mqtt_autoreconnect_set_status
                0x00000000000107d0       0x19 ext/built-in.o
                0x00000000000107d0                aws_iot_mqtt_autoreconnect_set_status
 .text.aws_iot_mqtt_internal_write_len_to_buffer
                0x00000000000107e9       0x25 ext/built-in.o
                0x00000000000107e9                aws_iot_mqtt_internal_write_len_to_buffer
 .text.aws_iot_mqtt_internal_decode_remaining_length_from_buffer
                0x000000000001080e       0x48 ext/built-in.o
                0x000000000001080e                aws_iot_mqtt_internal_decode_remaining_length_from_buffer
 .text.aws_iot_mqtt_internal_get_final_packet_length_from_remaining_length
                0x0000000000010856       0x30 ext/built-in.o
                0x0000000000010856                aws_iot_mqtt_internal_get_final_packet_length_from_remaining_length
 .text.aws_iot_mqtt_internal_read_uint16_t
                0x0000000000010886       0x1e ext/built-in.o
                0x0000000000010886                aws_iot_mqtt_internal_read_uint16_t
 .text.aws_iot_mqtt_internal_write_uint_16
                0x00000000000108a4       0x23 ext/built-in.o
                0x00000000000108a4                aws_iot_mqtt_internal_write_uint_16
 .text.aws_iot_mqtt_internal_read_char
                0x00000000000108c7       0x10 ext/built-in.o
                0x00000000000108c7                aws_iot_mqtt_internal_read_char
 .text.aws_iot_mqtt_internal_write_char
                0x00000000000108d7       0x11 ext/built-in.o
                0x00000000000108d7                aws_iot_mqtt_internal_write_char
 .text.aws_iot_mqtt_internal_write_utf8_string
                0x00000000000108e8       0x35 ext/built-in.o
                0x00000000000108e8                aws_iot_mqtt_internal_write_utf8_string
 .text.aws_iot_mqtt_internal_init_header
                0x000000000001091d       0x83 ext/built-in.o
                0x000000000001091d                aws_iot_mqtt_internal_init_header
 .text.aws_iot_mqtt_internal_send_packet
                0x00000000000109a0       0x80 ext/built-in.o
                0x00000000000109a0                aws_iot_mqtt_internal_send_packet
 .text.aws_iot_mqtt_internal_cycle_read
                0x0000000000010a20      0x39f ext/built-in.o
                0x0000000000010a20                aws_iot_mqtt_internal_cycle_read
 .text.aws_iot_mqtt_internal_wait_for_read
                0x0000000000010dbf       0x74 ext/built-in.o
                0x0000000000010dbf                aws_iot_mqtt_internal_wait_for_read
 .text.aws_iot_mqtt_internal_serialize_zero
                0x0000000000010e33       0x78 ext/built-in.o
                0x0000000000010e33                aws_iot_mqtt_internal_serialize_zero
 .text.aws_iot_mqtt_connect
                0x0000000000010eab      0x419 ext/built-in.o
                0x0000000000010eab                aws_iot_mqtt_connect
 .text._aws_iot_mqtt_internal_disconnect
                0x00000000000112c4       0x7a ext/built-in.o
                0x00000000000112c4                _aws_iot_mqtt_internal_disconnect
 .text.aws_iot_mqtt_disconnect
                0x000000000001133e       0x5b ext/built-in.o
                0x000000000001133e                aws_iot_mqtt_disconnect
 .text.aws_iot_mqtt_attempt_reconnect
                0x0000000000011399       0x61 ext/built-in.o
                0x0000000000011399                aws_iot_mqtt_attempt_reconnect
 .text.aws_iot_mqtt_internal_serialize_ack
                0x00000000000113fa       0x9c ext/built-in.o
                0x00000000000113fa                aws_iot_mqtt_internal_serialize_ack
 .text.aws_iot_mqtt_internal_deserialize_publish
                0x0000000000011496      0x108 ext/built-in.o
                0x0000000000011496                aws_iot_mqtt_internal_deserialize_publish
 .text.aws_iot_mqtt_internal_deserialize_ack
                0x000000000001159e       0xa4 ext/built-in.o
                0x000000000001159e                aws_iot_mqtt_internal_deserialize_ack
 .text.aws_iot_mqtt_publish
                0x0000000000011642      0x213 ext/built-in.o
                0x0000000000011642                aws_iot_mqtt_publish
 .text._aws_iot_mqtt_deserialize_suback.constprop.0
                0x0000000000011855       0xe5 ext/built-in.o
 .text._aws_iot_mqtt_serialize_subscribe.constprop.1
                0x000000000001193a       0xd0 ext/built-in.o
 .text.aws_iot_mqtt_subscribe
                0x0000000000011a0a      0x1b4 ext/built-in.o
                0x0000000000011a0a                aws_iot_mqtt_subscribe
 .text.aws_iot_mqtt_resubscribe
                0x0000000000011bbe      0x186 ext/built-in.o
                0x0000000000011bbe                aws_iot_mqtt_resubscribe
 .text.aws_iot_mqtt_unsubscribe
                0x0000000000011d44      0x231 ext/built-in.o
                0x0000000000011d44                aws_iot_mqtt_unsubscribe
 .text._aws_iot_mqtt_handle_disconnect
                0x0000000000011f75       0x58 ext/built-in.o
 .text.aws_iot_mqtt_yield
                0x0000000000011fcd      0x294 ext/built-in.o
                0x0000000000011fcd                aws_iot_mqtt_yield
 .text.aws_iot_shadow_internal_action
                0x0000000000012261       0xdf ext/built-in.o
                0x0000000000012261                aws_iot_shadow_internal_action
 .text.aws_iot_shadow_init
                0x0000000000012340       0x8a ext/built-in.o
                0x0000000000012340                aws_iot_shadow_init
 .text.aws_iot_shadow_connect
                0x00000000000123ca      0x10b ext/built-in.o
                0x00000000000123ca                aws_iot_shadow_connect
 .text.aws_iot_shadow_register_delta
                0x00000000000124d5       0x3a ext/built-in.o
                0x00000000000124d5                aws_iot_shadow_register_delta
 .text.aws_iot_shadow_yield
                0x000000000001250f       0x2b ext/built-in.o
                0x000000000001250f                aws_iot_shadow_yield
 .text.aws_iot_shadow_disconnect
                0x000000000001253a        0x9 ext/built-in.o
                0x000000000001253a                aws_iot_shadow_disconnect
 .text.aws_iot_shadow_update
                0x0000000000012543       0x7c ext/built-in.o
                0x0000000000012543                aws_iot_shadow_update
 .text.aws_iot_shadow_set_autoreconnect_status
                0x00000000000125bf       0x10 ext/built-in.o
                0x00000000000125bf                aws_iot_shadow_set_autoreconnect_status
 .text.convertDataToString
                0x00000000000125cf       0xef ext/built-in.o
 .text.resetClientTokenSequenceNum
                0x00000000000126be        0xf ext/built-in.o
                0x00000000000126be                resetClientTokenSequenceNum
 .text.aws_iot_shadow_init_json_document
                0x00000000000126cd       0x3b ext/built-in.o
                0x00000000000126cd                aws_iot_shadow_init_json_document
 .text.aws_iot_shadow_add_reported
                0x0000000000012708      0x140 ext/built-in.o
                0x0000000000012708                aws_iot_shadow_add_reported
 .text.FillWithClientTokenSize
                0x0000000000012848       0x2c ext/built-in.o
                0x0000000000012848                FillWithClientTokenSize
 .text.aws_iot_finalize_json_document
                0x0000000000012874       0xca ext/built-in.o
                0x0000000000012874                aws_iot_finalize_json_document
 .text.isJsonValidAndParse
                0x000000000001293e       0x51 ext/built-in.o
                0x000000000001293e                isJsonValidAndParse
 .text.isJsonKeyMatchingAndUpdateValue
                0x000000000001298f      0x178 ext/built-in.o
                0x000000000001298f                isJsonKeyMatchingAndUpdateValue
 .text.extractClientToken
                0x0000000000012b07       0xa9 ext/built-in.o
                0x0000000000012b07                extractClientToken
 .text.extractVersionNumber
                0x0000000000012bb0       0x50 ext/built-in.o
                0x0000000000012bb0                extractVersionNumber
 .text.shadow_delta_callback
                0x0000000000012c00       0xe9 ext/built-in.o
 .text.findIndexOfSubscriptionList
                0x0000000000012ce9       0x3b ext/built-in.o
 .text.topicNameFromThingAndAction
                0x0000000000012d24       0xa2 ext/built-in.o
 .text.unsubscribeFromAcceptedAndRejected
                0x0000000000012dc6      0x11a ext/built-in.o
 .text.AckStatusCallback
                0x0000000000012ee0      0x17e ext/built-in.o
 .text.initDeltaTokens
                0x000000000001305e       0x29 ext/built-in.o
                0x000000000001305e                initDeltaTokens
 .text.registerJsonTokenOnDelta
                0x0000000000013087       0xa2 ext/built-in.o
                0x0000000000013087                registerJsonTokenOnDelta
 .text.initializeRecords
                0x0000000000013129       0x43 ext/built-in.o
                0x0000000000013129                initializeRecords
 .text.isSubscriptionPresent
                0x000000000001316c       0x9d ext/built-in.o
                0x000000000001316c                isSubscriptionPresent
 .text.subscribeToShadowActionAcks
                0x0000000000013209      0x1aa ext/built-in.o
                0x0000000000013209                subscribeToShadowActionAcks
 .text.incrementSubscriptionCnt
                0x00000000000133b3       0x88 ext/built-in.o
                0x00000000000133b3                incrementSubscriptionCnt
 .text.publishToShadowAction
                0x000000000001343b       0x6d ext/built-in.o
                0x000000000001343b                publishToShadowAction
 .text.getNextFreeIndexOfAckWaitList
                0x00000000000134a8       0x2e ext/built-in.o
                0x00000000000134a8                getNextFreeIndexOfAckWaitList
 .text.addToAckWaitList
                0x00000000000134d6       0x75 ext/built-in.o
                0x00000000000134d6                addToAckWaitList
 .text.HandleExpiredResponseCallbacks
                0x000000000001354b       0x58 ext/built-in.o
                0x000000000001354b                HandleExpiredResponseCallbacks
 .text.left_ms  0x00000000000135a3       0x20 ext/built-in.o
                0x00000000000135a3                left_ms
 .text.has_timer_expired
                0x00000000000135c3       0x13 ext/built-in.o
                0x00000000000135c3                has_timer_expired
 .text.countdown_ms
                0x00000000000135d6       0x17 ext/built-in.o
                0x00000000000135d6                countdown_ms
 .text.countdown_sec
                0x00000000000135ed       0x1b ext/built-in.o
                0x00000000000135ed                countdown_sec
 .text.init_timer
                0x0000000000013608       0x15 ext/built-in.o
                0x0000000000013608                init_timer
 .text.iot_tls_is_connected
                0x000000000001361d        0xa ext/built-in.o
                0x000000000001361d                iot_tls_is_connected
 .text._iot_tls_verify_cert
                0x0000000000013627       0x29 ext/built-in.o
 .text.iot_tls_connect
                0x0000000000013650      0x361 ext/built-in.o
                0x0000000000013650                iot_tls_connect
 .text.iot_tls_write
                0x00000000000139b1       0xa1 ext/built-in.o
                0x00000000000139b1                iot_tls_write
 .text.iot_tls_read
                0x0000000000013a52       0x7d ext/built-in.o
                0x0000000000013a52                iot_tls_read
 .text.iot_tls_disconnect
                0x0000000000013acf       0x22 ext/built-in.o
                0x0000000000013acf                iot_tls_disconnect
 .text.iot_tls_destroy
                0x0000000000013af1       0x7d ext/built-in.o
                0x0000000000013af1                iot_tls_destroy
 .text.iot_tls_init
                0x0000000000013b6e       0x68 ext/built-in.o
                0x0000000000013b6e                iot_tls_init
 .text.net_buf_alloc
                0x0000000000013bd6       0xb4 subsys/built-in.o
                0x0000000000013bd6                net_buf_alloc
 .text.net_buf_reserve
                0x0000000000013c8a       0x11 subsys/built-in.o
                0x0000000000013c8a                net_buf_reserve
 .text.net_buf_unref
                0x0000000000013c9b       0x4c subsys/built-in.o
                0x0000000000013c9b                net_buf_unref
 .text.net_buf_frag_last
                0x0000000000013ce7       0x12 subsys/built-in.o
                0x0000000000013ce7                net_buf_frag_last
 .text.net_buf_frag_insert
                0x0000000000013cf9       0x25 subsys/built-in.o
                0x0000000000013cf9                net_buf_frag_insert
 .text.net_buf_frag_add
                0x0000000000013d1e       0x2f subsys/built-in.o
                0x0000000000013d1e                net_buf_frag_add
 .text.net_buf_frag_del
                0x0000000000013d4d       0x28 subsys/built-in.o
                0x0000000000013d4d                net_buf_frag_del
 .text.net_buf_simple_add
                0x0000000000013d75       0x17 subsys/built-in.o
                0x0000000000013d75                net_buf_simple_add
 .text.net_buf_simple_add_u8
                0x0000000000013d8c       0x1a subsys/built-in.o
                0x0000000000013d8c                net_buf_simple_add_u8
 .text.net_buf_simple_pull
                0x0000000000013da6       0x13 subsys/built-in.o
                0x0000000000013da6                net_buf_simple_pull
 .text.net_buf_simple_headroom
                0x0000000000013db9        0xf subsys/built-in.o
                0x0000000000013db9                net_buf_simple_headroom
 .text.net_buf_simple_tailroom
                0x0000000000013dc8       0x1a subsys/built-in.o
                0x0000000000013dc8                net_buf_simple_tailroom
 .text.processing_data
                0x0000000000013de2       0x55 subsys/built-in.o
 .text.net_init
                0x0000000000013e37       0x61 subsys/built-in.o
 .text.net_rx_thread
                0x0000000000013e98       0x41 subsys/built-in.o
 .text.net_send_data
                0x0000000000013ed9       0xb5 subsys/built-in.o
                0x0000000000013ed9                net_send_data
 .text.net_recv_data
                0x0000000000013f8e       0x42 subsys/built-in.o
                0x0000000000013f8e                net_recv_data
 .text.net_if_get_default
                0x0000000000013fd0       0x16 subsys/built-in.o
                0x0000000000013fd0                net_if_get_default
 .text.net_if_ipv4_addr_mask_cmp
                0x0000000000013fe6       0x38 subsys/built-in.o
                0x0000000000013fe6                net_if_ipv4_addr_mask_cmp
 .text.net_if_ipv4_addr_lookup
                0x000000000001401e       0x3f subsys/built-in.o
                0x000000000001401e                net_if_ipv4_addr_lookup
 .text.net_if_ipv4_addr_add
                0x000000000001405d       0x54 subsys/built-in.o
                0x000000000001405d                net_if_ipv4_addr_add
 .text.net_if_call_link_cb
                0x00000000000140b1       0x2e subsys/built-in.o
                0x00000000000140b1                net_if_call_link_cb
 .text.net_if_send_data
                0x00000000000140df       0xa5 subsys/built-in.o
                0x00000000000140df                net_if_send_data
 .text.net_if_tx
                0x0000000000014184       0x9e subsys/built-in.o
 .text.net_if_tx_thread
                0x0000000000014222       0x78 subsys/built-in.o
 .text.net_if_up
                0x000000000001429a       0x46 subsys/built-in.o
                0x000000000001429a                net_if_up
 .text.net_if_init
                0x00000000000142e0       0x67 subsys/built-in.o
                0x00000000000142e0                net_if_init
 .text.net_if_post_init
                0x0000000000014347       0x22 subsys/built-in.o
                0x0000000000014347                net_if_post_init
 .text.net_context_init
                0x0000000000014369       0x16 subsys/built-in.o
                0x0000000000014369                net_context_init
 .text.net_pkt_get_reserve
                0x000000000001437f       0x56 subsys/built-in.o
                0x000000000001437f                net_pkt_get_reserve
 .text.net_pkt_get_reserve_data
                0x00000000000143d5       0x41 subsys/built-in.o
                0x00000000000143d5                net_pkt_get_reserve_data
 .text.net_pkt_get_reserve_rx
                0x0000000000014416       0x1a subsys/built-in.o
                0x0000000000014416                net_pkt_get_reserve_rx
 .text.net_pkt_get_reserve_tx
                0x0000000000014430       0x1a subsys/built-in.o
                0x0000000000014430                net_pkt_get_reserve_tx
 .text.net_pkt_get_reserve_rx_data
                0x000000000001444a       0x1a subsys/built-in.o
                0x000000000001444a                net_pkt_get_reserve_rx_data
 .text.net_pkt_get_reserve_tx_data
                0x0000000000014464       0x1a subsys/built-in.o
                0x0000000000014464                net_pkt_get_reserve_tx_data
 .text.net_pkt_get_frag
                0x000000000001447e       0x2b subsys/built-in.o
                0x000000000001447e                net_pkt_get_frag
 .text.net_pkt_ref
                0x00000000000144a9        0xf subsys/built-in.o
                0x00000000000144a9                net_pkt_ref
 .text.net_pkt_frag_unref
                0x00000000000144b8       0x12 subsys/built-in.o
                0x00000000000144b8                net_pkt_frag_unref
 .text.net_pkt_unref
                0x00000000000144ca       0x3a subsys/built-in.o
                0x00000000000144ca                net_pkt_unref
 .text.net_pkt_frag_del
                0x0000000000014504       0x37 subsys/built-in.o
                0x0000000000014504                net_pkt_frag_del
 .text.net_pkt_frag_add
                0x000000000001453b       0x2f subsys/built-in.o
                0x000000000001453b                net_pkt_frag_add
 .text.check_and_create_data.part.10
                0x000000000001456a       0x28 subsys/built-in.o
 .text.net_pkt_frag_insert
                0x0000000000014592       0x21 subsys/built-in.o
                0x0000000000014592                net_pkt_frag_insert
 .text.net_pkt_copy
                0x00000000000145b3      0x135 subsys/built-in.o
                0x00000000000145b3                net_pkt_copy
 .text.net_pkt_compact
                0x00000000000146e8       0xc5 subsys/built-in.o
                0x00000000000146e8                net_pkt_compact
 .text.net_frag_read
                0x00000000000147ad       0xab subsys/built-in.o
                0x00000000000147ad                net_frag_read
 .text.net_pkt_write
                0x0000000000014858      0x190 subsys/built-in.o
                0x0000000000014858                net_pkt_write
 .text.net_frag_get_pos
                0x00000000000149e8       0x1f subsys/built-in.o
                0x00000000000149e8                net_frag_get_pos
 .text.net_pkt_icmp_data
                0x0000000000014a07       0x2a subsys/built-in.o
                0x0000000000014a07                net_pkt_icmp_data
 .text.net_pkt_udp_data
                0x0000000000014a31       0x2a subsys/built-in.o
                0x0000000000014a31                net_pkt_udp_data
 .text.net_pkt_init
                0x0000000000014a5b        0x5 subsys/built-in.o
                0x0000000000014a5b                net_pkt_init
 .text.calc_chksum
                0x0000000000014a60       0x55 subsys/built-in.o
 .text.net_addr_pton
                0x0000000000014ab5      0x207 subsys/built-in.o
                0x0000000000014ab5                net_addr_pton
 .text.net_calc_chksum
                0x0000000000014cbc       0xde subsys/built-in.o
                0x0000000000014cbc                net_calc_chksum
 .text.net_calc_chksum_ipv4
                0x0000000000014d9a       0x28 subsys/built-in.o
                0x0000000000014d9a                net_calc_chksum_ipv4
 .text.net_header_fits
                0x0000000000014dc2       0x2d subsys/built-in.o
                0x0000000000014dc2                net_header_fits
 .text.net_eth_is_addr_broadcast
                0x0000000000014def       0x31 subsys/built-in.o
 .text.ethernet_reserve
                0x0000000000014e20        0xa subsys/built-in.o
 .text.ethernet_enable
                0x0000000000014e2a       0x12 subsys/built-in.o
 .text.ethernet_recv
                0x0000000000014e3c      0x157 subsys/built-in.o
 .text.ethernet_send
                0x0000000000014f93      0x14d subsys/built-in.o
 .text.if_get_addr
                0x00000000000150e0       0x23 subsys/built-in.o
 .text.prepare_arp
                0x0000000000015103      0x16f subsys/built-in.o
 .text.net_arp_prepare
                0x0000000000015272      0x1d6 subsys/built-in.o
                0x0000000000015272                net_arp_prepare
 .text.net_arp_input
                0x0000000000015448      0x24a subsys/built-in.o
                0x0000000000015448                net_arp_input
 .text.net_arp_clear_cache
                0x0000000000015692       0x36 subsys/built-in.o
                0x0000000000015692                net_arp_clear_cache
 .text.net_arp_init
                0x00000000000156c8        0x9 subsys/built-in.o
                0x00000000000156c8                net_arp_init
 .text.setup_ipv4_header
                0x00000000000156d1       0xc6 subsys/built-in.o
 .text.net_icmpv4_set_hdr
                0x0000000000015797       0x9c subsys/built-in.o
                0x0000000000015797                net_icmpv4_set_hdr
 .text.net_icmpv4_get_hdr
                0x0000000000015833       0x81 subsys/built-in.o
                0x0000000000015833                net_icmpv4_get_hdr
 .text.net_icmpv4_set_chksum
                0x00000000000158b4       0xb1 subsys/built-in.o
                0x00000000000158b4                net_icmpv4_set_chksum
 .text.handle_echo_request
                0x0000000000015965       0x58 subsys/built-in.o
 .text.net_icmpv4_send_error
                0x00000000000159bd      0x17e subsys/built-in.o
                0x00000000000159bd                net_icmpv4_send_error
 .text.net_icmpv4_register_handler
                0x0000000000015b3b       0x23 subsys/built-in.o
                0x0000000000015b3b                net_icmpv4_register_handler
 .text.net_icmpv4_input
                0x0000000000015b5e       0x48 subsys/built-in.o
                0x0000000000015b5e                net_icmpv4_input
 .text.net_icmpv4_init
                0x0000000000015ba6       0x10 subsys/built-in.o
                0x0000000000015ba6                net_icmpv4_init
 .text.net_ipv4_unspecified_address
                0x0000000000015bb6        0xa subsys/built-in.o
                0x0000000000015bb6                net_ipv4_unspecified_address
 .text.net_ipv4_broadcast_address
                0x0000000000015bc0        0xa subsys/built-in.o
                0x0000000000015bc0                net_ipv4_broadcast_address
 .text.net_ipv4_process_pkt
                0x0000000000015bca       0x8f subsys/built-in.o
                0x0000000000015bca                net_ipv4_process_pkt
 .text.mgmt_thread
                0x0000000000015c59      0x144 subsys/built-in.o
 .text.net_mgmt_event_notify
                0x0000000000015d9d       0x80 subsys/built-in.o
                0x0000000000015d9d                net_mgmt_event_notify
 .text.net_mgmt_event_init
                0x0000000000015e1d       0x6e subsys/built-in.o
                0x0000000000015e1d                net_mgmt_event_init
 .text.net_udp_header_fits
                0x0000000000015e8b       0x1f subsys/built-in.o
 .text.net_udp_set_chksum
                0x0000000000015eaa       0xa6 subsys/built-in.o
                0x0000000000015eaa                net_udp_set_chksum
 .text.net_udp_get_chksum
                0x0000000000015f50       0x4c subsys/built-in.o
                0x0000000000015f50                net_udp_get_chksum
 .text.net_udp_get_hdr
                0x0000000000015f9c       0x8b subsys/built-in.o
                0x0000000000015f9c                net_udp_get_hdr
 .text.net_udp_init
                0x0000000000016027        0x5 subsys/built-in.o
                0x0000000000016027                net_udp_init
 .text.check_addr
                0x000000000001602c       0x5b subsys/built-in.o
 .text.net_conn_input
                0x0000000000016087      0x176 subsys/built-in.o
                0x0000000000016087                net_conn_input
 .text.net_conn_init
                0x00000000000161fd        0x5 subsys/built-in.o
                0x00000000000161fd                net_conn_init
 .text.net_app_init
                0x0000000000016202       0xff subsys/built-in.o
                0x0000000000016202                net_app_init
 .text.init_net_app
                0x0000000000016301       0x19 subsys/built-in.o
 .text.k_cpu_idle
                0x000000000001631a        0x7 arch/built-in.o
                0x000000000001631a                k_cpu_idle
 .text._SysFatalErrorHandler
                0x0000000000016321       0x6c arch/built-in.o
                0x0000000000016321                _SysFatalErrorHandler
 .text._cache_line_size_get
                0x000000000001638d       0x14 arch/built-in.o
                0x000000000001638d                _cache_line_size_get
 .text.init_cache
                0x00000000000163a1       0x11 arch/built-in.o
 .text._exception_enter
                0x00000000000163b2       0x2c arch/built-in.o
                0x00000000000163b2                _exception_enter
 .text._kernel_oops_handler
                0x00000000000163de        0xc arch/built-in.o
                0x00000000000163de                _kernel_oops_handler
 .text._interrupt_enter
                0x00000000000163ea       0x5e arch/built-in.o
                0x00000000000163ea                _interrupt_enter
 .text._SpuriousIntNoErrCodeHandler
                0x0000000000016448        0x2 arch/built-in.o
                0x0000000000016448                _SpuriousIntNoErrCodeHandler
 .text._SpuriousIntHandler
                0x000000000001644a       0x16 arch/built-in.o
                0x000000000001644a                _SpuriousIntHandler
 .text.__swap   0x0000000000016460       0x29 arch/built-in.o
                0x0000000000016460                __swap
 .text._new_thread
                0x0000000000016489       0x80 arch/built-in.o
                0x0000000000016489                _new_thread
 .text._x86_mmu_get_flags
                0x0000000000016509       0x3e arch/built-in.o
                0x0000000000016509                _x86_mmu_get_flags
 .text._x86_mmu_set_flags
                0x0000000000016547       0x4d arch/built-in.o
                0x0000000000016547                _x86_mmu_set_flags
 .text.dump_entry_flags
                0x0000000000016594       0x44 arch/built-in.o
 .text._df_handler_top
                0x00000000000165d8       0xd2 arch/built-in.o
 .text._debug_fatal_hook
                0x00000000000166aa        0x5 arch/built-in.o
                0x00000000000166aa                _debug_fatal_hook
 .text._NanoFatalErrorHandler
                0x00000000000166af       0xfc arch/built-in.o
                0x00000000000166af                _NanoFatalErrorHandler
 .text.generic_exc_handle
                0x00000000000167ab       0x37 arch/built-in.o
 .text._df_handler_bottom
                0x00000000000167e2       0x57 arch/built-in.o
 .text._do_kernel_oops
                0x0000000000016839        0xf arch/built-in.o
                0x0000000000016839                _do_kernel_oops
 .text.handle_exc_0
                0x0000000000016848        0xd arch/built-in.o
                0x0000000000016848                handle_exc_0
 .text.handle_exc_2
                0x0000000000016855       0x10 arch/built-in.o
                0x0000000000016855                handle_exc_2
 .text.handle_exc_4
                0x0000000000016865       0x10 arch/built-in.o
                0x0000000000016865                handle_exc_4
 .text.handle_exc_5
                0x0000000000016875       0x10 arch/built-in.o
                0x0000000000016875                handle_exc_5
 .text.handle_exc_6
                0x0000000000016885       0x10 arch/built-in.o
                0x0000000000016885                handle_exc_6
 .text.handle_exc_7
                0x0000000000016895       0x10 arch/built-in.o
                0x0000000000016895                handle_exc_7
 .text.handle_exc_10
                0x00000000000168a5       0x10 arch/built-in.o
                0x00000000000168a5                handle_exc_10
 .text.handle_exc_11
                0x00000000000168b5       0x10 arch/built-in.o
                0x00000000000168b5                handle_exc_11
 .text.handle_exc_12
                0x00000000000168c5       0x10 arch/built-in.o
                0x00000000000168c5                handle_exc_12
 .text.handle_exc_13
                0x00000000000168d5       0x10 arch/built-in.o
                0x00000000000168d5                handle_exc_13
 .text.handle_exc_16
                0x00000000000168e5       0x10 arch/built-in.o
                0x00000000000168e5                handle_exc_16
 .text.handle_exc_17
                0x00000000000168f5       0x10 arch/built-in.o
                0x00000000000168f5                handle_exc_17
 .text.handle_exc_18
                0x0000000000016905       0x10 arch/built-in.o
                0x0000000000016905                handle_exc_18
 .text.page_fault_handler
                0x0000000000016915       0x96 arch/built-in.o
                0x0000000000016915                page_fault_handler
 .text._sys_device_do_config_level
                0x00000000000169ab       0x2e kernel/lib.a(device.o)
                0x00000000000169ab                _sys_device_do_config_level
 .text.device_get_binding
                0x00000000000169d9       0x39 kernel/lib.a(device.o)
                0x00000000000169d9                device_get_binding
 .text.__errno  0x0000000000016a12        0xd kernel/lib.a(errno.o)
                0x0000000000016a12                __errno
 .text._main    0x0000000000016a1f       0x2a kernel/lib.a(init.o)
 .text._Cstart  0x0000000000016a49      0x11b kernel/lib.a(init.o)
                0x0000000000016a49                _Cstart
 .text.init_mem_slab_module
                0x0000000000016b64       0x45 kernel/lib.a(mem_slab.o)
 .text.k_mem_slab_alloc
                0x0000000000016ba9       0x6e kernel/lib.a(mem_slab.o)
                0x0000000000016ba9                k_mem_slab_alloc
 .text.k_mem_slab_free
                0x0000000000016c17       0xff kernel/lib.a(mem_slab.o)
                0x0000000000016c17                k_mem_slab_free
 .text.sys_dlist_remove
                0x0000000000016d16       0x11 kernel/lib.a(poll.o)
 .text.clear_event_registrations
                0x0000000000016d27       0x48 kernel/lib.a(poll.o)
 .text._signal_poll_event
                0x0000000000016d6f       0xe2 kernel/lib.a(poll.o)
 .text.add_event
                0x0000000000016e51       0x75 kernel/lib.a(poll.o)
 .text.k_poll_event_init
                0x0000000000016ec6       0x34 kernel/lib.a(poll.o)
                0x0000000000016ec6                k_poll_event_init
 .text.k_poll   0x0000000000016efa      0x187 kernel/lib.a(poll.o)
                0x0000000000016efa                k_poll
 .text._handle_obj_poll_events
                0x0000000000017081       0x31 kernel/lib.a(poll.o)
                0x0000000000017081                _handle_obj_poll_events
 .text.k_queue_init
                0x00000000000170b2       0x1e kernel/lib.a(queue.o)
                0x00000000000170b2                k_queue_init
 .text.k_queue_insert
                0x00000000000170d0       0x7a kernel/lib.a(queue.o)
                0x00000000000170d0                k_queue_insert
 .text.k_queue_append
                0x000000000001714a       0x17 kernel/lib.a(queue.o)
                0x000000000001714a                k_queue_append
 .text.k_queue_prepend
                0x0000000000017161       0x15 kernel/lib.a(queue.o)
                0x0000000000017161                k_queue_prepend
 .text.k_queue_get
                0x0000000000017176       0x92 kernel/lib.a(queue.o)
                0x0000000000017176                k_queue_get
 .text._get_highest_ready_prio
                0x0000000000017208       0x16 kernel/lib.a(sched.o)
 .text._add_thread_to_ready_q
                0x000000000001721e       0x61 kernel/lib.a(sched.o)
                0x000000000001721e                _add_thread_to_ready_q
 .text._ready_thread
                0x000000000001727f       0x22 kernel/lib.a(sched.o)
 .text._add_timeout
                0x00000000000172a1       0xc6 kernel/lib.a(sched.o)
 .text._remove_thread_from_ready_q
                0x0000000000017367       0x62 kernel/lib.a(sched.o)
                0x0000000000017367                _remove_thread_from_ready_q
 .text._pend_thread
                0x00000000000173c9       0x84 kernel/lib.a(sched.o)
                0x00000000000173c9                _pend_thread
 .text._pend_current_thread
                0x000000000001744d       0x25 kernel/lib.a(sched.o)
                0x000000000001744d                _pend_current_thread
 .text.__must_switch_threads
                0x0000000000017472       0x1b kernel/lib.a(sched.o)
                0x0000000000017472                __must_switch_threads
 .text._reschedule_threads
                0x000000000001748d       0x39 kernel/lib.a(sched.o)
                0x000000000001748d                _reschedule_threads
 .text.k_sched_unlock
                0x00000000000174c6       0x17 kernel/lib.a(sched.o)
                0x00000000000174c6                k_sched_unlock
 .text._move_thread_to_end_of_prio_q
                0x00000000000174dd       0x63 kernel/lib.a(sched.o)
                0x00000000000174dd                _move_thread_to_end_of_prio_q
 .text.k_yield  0x0000000000017540       0x3f kernel/lib.a(sched.o)
                0x0000000000017540                k_yield
 .text.k_current_get
                0x000000000001757f        0xa kernel/lib.a(sched.o)
                0x000000000001757f                k_current_get
 .text._is_thread_time_slicing
                0x0000000000017589       0x3b kernel/lib.a(sched.o)
                0x0000000000017589                _is_thread_time_slicing
 .text._update_time_slice_before_swap
                0x00000000000175c4        0xf kernel/lib.a(sched.o)
                0x00000000000175c4                _update_time_slice_before_swap
 .text._ready_thread
                0x00000000000175d3       0x22 kernel/lib.a(sem.o)
 .text._unpend_first_thread
                0x00000000000175f5       0x4e kernel/lib.a(sem.o)
 .text._abort_timeout
                0x0000000000017643       0x34 kernel/lib.a(sem.o)
 .text.k_sem_init
                0x0000000000017677       0x22 kernel/lib.a(sem.o)
                0x0000000000017677                k_sem_init
 .text.k_sem_give
                0x0000000000017699       0x99 kernel/lib.a(sem.o)
                0x0000000000017699                k_sem_give
 .text.k_sem_take
                0x0000000000017732       0x4d kernel/lib.a(sem.o)
                0x0000000000017732                k_sem_take
 .text._nano_sys_clock_tick_announce
                0x000000000001777f      0x1c7 kernel/lib.a(sys_clock.o)
                0x000000000001777f                _nano_sys_clock_tick_announce
 .text._is_thread_ready
                0x0000000000017946       0x19 kernel/lib.a(thread.o)
 .text._abort_timeout
                0x000000000001795f       0x34 kernel/lib.a(thread.o)
 .text.k_is_in_isr
                0x0000000000017993       0x11 kernel/lib.a(thread.o)
                0x0000000000017993                k_is_in_isr
 .text._is_thread_essential
                0x00000000000179a4       0x10 kernel/lib.a(thread.o)
                0x00000000000179a4                _is_thread_essential
 .text._thread_entry
                0x00000000000179b4       0x2b kernel/lib.a(thread.o)
                0x00000000000179b4                _thread_entry
 .text.schedule_new_thread
                0x00000000000179df       0xe7 kernel/lib.a(thread.o)
 .text.k_thread_create
                0x0000000000017ac6       0x39 kernel/lib.a(thread.o)
                0x0000000000017ac6                k_thread_create
 .text._k_thread_single_abort
                0x0000000000017aff       0x51 kernel/lib.a(thread.o)
                0x0000000000017aff                _k_thread_single_abort
 .text._init_static_threads
                0x0000000000017b50       0x7c kernel/lib.a(thread.o)
                0x0000000000017b50                _init_static_threads
 .text._init_thread_base
                0x0000000000017bcc       0x3a kernel/lib.a(thread.o)
                0x0000000000017bcc                _init_thread_base
 .text.k_thread_abort
                0x0000000000017c06       0x34 kernel/lib.a(thread_abort.o)
                0x0000000000017c06                k_thread_abort
 .text.idle     0x0000000000017c3a        0xd kernel/lib.a(idle.o)
                0x0000000000017c3a                idle
 .text._OffsetAbsSyms
                0x0000000000017c47        0x5 ./arch/x86/core/offsets/offsets.o
                0x0000000000017c47                _OffsetAbsSyms
 *(.gnu.linkonce.t.*)
 .gnu.linkonce.t.exc_0_stub
                0x0000000000017c4c        0xc arch/built-in.o
                0x0000000000017c4c                _handle_exc_0_vector_0_stub
 .gnu.linkonce.t.exc_2_stub
                0x0000000000017c58        0xc arch/built-in.o
                0x0000000000017c58                _handle_exc_2_vector_2_stub
 .gnu.linkonce.t.exc_4_stub
                0x0000000000017c64        0xc arch/built-in.o
                0x0000000000017c64                _handle_exc_4_vector_4_stub
 .gnu.linkonce.t.exc_5_stub
                0x0000000000017c70        0xc arch/built-in.o
                0x0000000000017c70                _handle_exc_5_vector_5_stub
 .gnu.linkonce.t.exc_6_stub
                0x0000000000017c7c        0xc arch/built-in.o
                0x0000000000017c7c                _handle_exc_6_vector_6_stub
 .gnu.linkonce.t.exc_7_stub
                0x0000000000017c88        0xc arch/built-in.o
                0x0000000000017c88                _handle_exc_7_vector_7_stub
 .gnu.linkonce.t.exc_10_stub
                0x0000000000017c94        0xa arch/built-in.o
                0x0000000000017c94                _handle_exc_10_vector_10_stub
 .gnu.linkonce.t.exc_11_stub
                0x0000000000017c9e        0xa arch/built-in.o
                0x0000000000017c9e                _handle_exc_11_vector_11_stub
 .gnu.linkonce.t.exc_12_stub
                0x0000000000017ca8        0xa arch/built-in.o
                0x0000000000017ca8                _handle_exc_12_vector_12_stub
 .gnu.linkonce.t.exc_13_stub
                0x0000000000017cb2        0xa arch/built-in.o
                0x0000000000017cb2                _handle_exc_13_vector_13_stub
 .gnu.linkonce.t.exc_16_stub
                0x0000000000017cbc        0xc arch/built-in.o
                0x0000000000017cbc                _handle_exc_16_vector_16_stub
 .gnu.linkonce.t.exc_17_stub
                0x0000000000017cc8        0xa arch/built-in.o
                0x0000000000017cc8                _handle_exc_17_vector_17_stub
 .gnu.linkonce.t.exc_18_stub
                0x0000000000017cd2        0xc arch/built-in.o
                0x0000000000017cd2                _handle_exc_18_vector_18_stub
 .gnu.linkonce.t.exc_14_stub
                0x0000000000017cde        0xa arch/built-in.o
                0x0000000000017cde                _page_fault_handler_vector_14_stub
 *(.eh_frame)
 *(.init)
 *(.fini)
 *(.eini)
 *(.openocd_dbg)
 *(.openocd_dbg.*)
                0x0000000000017ce8                _image_text_end = .
                0x0000000000017ce8                _image_rodata_start = .

devconfig       0x0000000000017ce8       0x9c
                0x0000000000017ce8                __devconfig_start = .
 *(.devconfig.*)
 .devconfig.init
                0x0000000000017ce8       0x60 drivers/built-in.o
 .devconfig.init
                0x0000000000017d48        0xc ext/built-in.o
 .devconfig.init
                0x0000000000017d54       0x18 subsys/built-in.o
 .devconfig.init
                0x0000000000017d6c        0xc arch/built-in.o
 .devconfig.init
                0x0000000000017d78        0xc kernel/lib.a(mem_slab.o)
 *(SORT(.devconfig*))
                0x0000000000017d84                __devconfig_end = .

net_l2          0x0000000000017d84       0x10
                0x0000000000017d84                __net_l2_start = .
 *(.net_l2.init)
 .net_l2.init   0x0000000000017d84       0x10 subsys/built-in.o
                0x0000000000017d84                __net_l2_ETHERNET
 *(SORT(.net_l2.init*))
                0x0000000000017d94                __net_l2_end = .

rodata          0x0000000000017da0     0x3948
 *(.rodata)
 .rodata        0x0000000000017da0       0x5c ext/built-in.o
 *(.rodata.*)
 .rodata.main.str1.1
                0x0000000000017dfc       0xd2 src/built-in.o
 *fill*         0x0000000000017ece        0x2 
 .rodata.cst4   0x0000000000017ed0        0x8 src/built-in.o
 .rodata._prf.str1.1
                0x0000000000017ed8        0xb lib/built-in.o
 .rodata.shifts.1089
                0x0000000000017ee3        0x3 lib/built-in.o
 .rodata.uart_console_init.str1.1
                0x0000000000017ee6        0x7 drivers/built-in.o
 .rodata.str1.1
                0x0000000000017eed       0x16 drivers/built-in.o
                                         0x21 (size before relaxing)
 .rodata.uart_pipe_register.str1.1
                0x0000000000017f03        0x7 drivers/built-in.o
 *fill*         0x0000000000017f03        0x1 
 .rodata.uart_ns16550_dev_cfg_1
                0x0000000000017f04        0x8 drivers/built-in.o
 .rodata.uart_ns16550_dev_cfg_0
                0x0000000000017f0c        0x8 drivers/built-in.o
 *fill*         0x0000000000017f14        0xc 
 .rodata.uart_ns16550_driver_api
                0x0000000000017f20       0x44 drivers/built-in.o
 .rodata.str1.1
                0x0000000000017f64      0x1ad ext/built-in.o
                                        0x1ba (size before relaxing)
 *fill*         0x0000000000018111        0xf 
 .rodata.RCON   0x0000000000018120       0x28 ext/built-in.o
 *fill*         0x0000000000018148       0x18 
 .rodata.RT3    0x0000000000018160      0x400 ext/built-in.o
 .rodata.RT2    0x0000000000018560      0x400 ext/built-in.o
 .rodata.RT1    0x0000000000018960      0x400 ext/built-in.o
 .rodata.RT0    0x0000000000018d60      0x400 ext/built-in.o
 .rodata.RSb    0x0000000000019160      0x100 ext/built-in.o
 .rodata.FT3    0x0000000000019260      0x400 ext/built-in.o
 .rodata.FT2    0x0000000000019660      0x400 ext/built-in.o
 .rodata.FT1    0x0000000000019a60      0x400 ext/built-in.o
 .rodata.FT0    0x0000000000019e60      0x400 ext/built-in.o
 .rodata.FSb    0x000000000001a260      0x100 ext/built-in.o
 .rodata.mbedtls_cipher_definitions
                0x000000000001a360       0x38 ext/built-in.o
                0x000000000001a360                mbedtls_cipher_definitions
 *fill*         0x000000000001a398        0x8 
 .rodata.aes_256_ccm_info
                0x000000000001a3a0       0x20 ext/built-in.o
 .rodata.aes_192_ccm_info
                0x000000000001a3c0       0x20 ext/built-in.o
 .rodata.aes_128_ccm_info
                0x000000000001a3e0       0x20 ext/built-in.o
 .rodata.ccm_aes_info
                0x000000000001a400       0x18 ext/built-in.o
 *fill*         0x000000000001a418        0x8 
 .rodata.aes_256_ecb_info
                0x000000000001a420       0x20 ext/built-in.o
 .rodata.aes_192_ecb_info
                0x000000000001a440       0x20 ext/built-in.o
 .rodata.aes_128_ecb_info
                0x000000000001a460       0x20 ext/built-in.o
 .rodata.aes_info
                0x000000000001a480       0x18 ext/built-in.o
 .rodata.ecjpake_id
                0x000000000001a498        0x8 ext/built-in.o
 .rodata.ecp_supported_curves
                0x000000000001a4a0       0x18 ext/built-in.o
 *fill*         0x000000000001a4b8        0x8 
 .rodata.secp256r1_n
                0x000000000001a4c0       0x20 ext/built-in.o
 .rodata.secp256r1_gy
                0x000000000001a4e0       0x20 ext/built-in.o
 .rodata.secp256r1_gx
                0x000000000001a500       0x20 ext/built-in.o
 .rodata.secp256r1_b
                0x000000000001a520       0x20 ext/built-in.o
 .rodata.secp256r1_p
                0x000000000001a540       0x20 ext/built-in.o
 .rodata.mbedtls_sha256_info
                0x000000000001a560       0x30 ext/built-in.o
                0x000000000001a560                mbedtls_sha256_info
 *fill*         0x000000000001a590       0x10 
 .rodata.mbedtls_sha224_info
                0x000000000001a5a0       0x30 ext/built-in.o
                0x000000000001a5a0                mbedtls_sha224_info
 *fill*         0x000000000001a5d0       0x10 
 .rodata.sha256_padding
                0x000000000001a5e0       0x40 ext/built-in.o
 .rodata.K      0x000000000001a620      0x100 ext/built-in.o
 .rodata.ciphersuite_definitions
                0x000000000001a720       0x50 ext/built-in.o
 .rodata.ciphersuite_preference
                0x000000000001a770        0x8 ext/built-in.o
 .rodata.mbedtls_ssl_handshake_client_step
                0x000000000001a778       0x40 ext/built-in.o
 .rodata.mbedtls_ssl_handshake_server_step
                0x000000000001a7b8       0x4c ext/built-in.o
 .rodata.ssl_calc_finished_tls_sha256.str1.1
                0x000000000001a804       0x20 ext/built-in.o
 .rodata.mbedtls_ssl_derive_keys.str1.1
                0x000000000001a824       0x1c ext/built-in.o
 .rodata.mfl_code_to_length
                0x000000000001a840       0x14 ext/built-in.o
 .rodata.vsscanf.str1.1
                0x000000000001a854       0x1a ext/built-in.o
 .rodata.parseUnsignedInteger32Value.str1.1
                0x000000000001a86e        0x4 ext/built-in.o
 .rodata.parseUnsignedInteger16Value.str1.1
                0x000000000001a872        0x4 ext/built-in.o
 .rodata.parseUnsignedInteger8Value.str1.1
                0x000000000001a876        0x5 ext/built-in.o
 .rodata.parseInteger32Value.str1.1
                0x000000000001a87b        0x4 ext/built-in.o
 .rodata.parseInteger16Value.str1.1
                0x000000000001a87f        0x4 ext/built-in.o
 .rodata.parseInteger8Value.str1.1
                0x000000000001a883        0x5 ext/built-in.o
 .rodata.parseFloatValue.str1.1
                0x000000000001a888        0x3 ext/built-in.o
 .rodata.parseDoubleValue.str1.1
                0x000000000001a88b        0x4 ext/built-in.o
 .rodata.aws_iot_mqtt_set_connect_params.str1.1
                0x000000000001a88f       0x18 ext/built-in.o
 *fill*         0x000000000001a8a7       0x19 
 .rodata.iotClientConnectParamsDefault
                0x000000000001a8c0       0x3c ext/built-in.o
                0x000000000001a8c0                iotClientConnectParamsDefault
 .rodata.aws_iot_mqtt_internal_init_header
                0x000000000001a8fc       0x38 ext/built-in.o
 .rodata.aws_iot_mqtt_connect.str1.1
                0x000000000001a934        0x5 ext/built-in.o
 *fill*         0x000000000001a939        0x3 
 .rodata.aws_iot_mqtt_connect
                0x000000000001a93c       0x18 ext/built-in.o
 .rodata.aws_iot_shadow_connect.str1.1
                0x000000000001a954       0x26 ext/built-in.o
                                         0x29 (size before relaxing)
 *fill*         0x000000000001a97a        0x2 